// Jest Snapshot v1, https://goo.gl/fbAQLP

exports[`icon render successfully 1`] = `
<svg
  className="hui-icon"
>
  <use
    xlinkHref="#weChat"
  />
</svg>
`;
